Views\AdministradorView$5.class
Models\Prato.class
Views\LoginView$4.class
Views\CadastroPratosView$1.class
Views\AdministradorView$2.class
Views\CadastroPratosView$4.class
Models\Usuario.class
DAO\PratoDAO.class
Views\GerenciaUsuariosView$3.class
Views\SobreRezza$1.class
Views\SobreRezza.class
Views\GerenciaUsuariosView$6.class
Views\RealizarPedidoView$3.class
Views\RegisterView$2.class
Views\CadastroPratosView$9.class
Controllers\CadastroUsuarioController.class
Views\GerenciaUsuariosView.class
Views\RealizarPedidoView$6.class
Views\ReservaMesasView$9.class
Views\SplashScreen$1.class
Controllers\RealizarPedidoController.class
DAO\PedidoDAO.class
Controllers\GerenciamentoPedidosController.class
Controllers\GerenciamentoMesaController.class
Views\CadastroPratosView$6.class
Views\LoginView$1.class
Views\GerenciaUsuariosView$1.class
DAO\UsuarioDAO.class
Views\ReservaMesasView.class
Views\RegisterView$1.class
Controllers\LoginController.class
Views\AdministradorView$7.class
Views\GerenciaUsuariosView$8.class
Models\Mesa.class
Views\ReservaMesasView$3.class
Views\SobreRezza$3.class
Utils\Conexao.class
Views\LoginView$5.class
Views\AdministradorView$6.class
Controllers\GerenciamentoPratoController.class
Views\CadastroPratosView.class
Views\SobreRezza$4.class
Views\GerenciaUsuariosView$9.class
Views\RealizarPedidoView$5.class
Views\ReservaMesasView$4.class
Views\GerenciaUsuariosView$2.class
Views\ReservaMesasView$10.class
Views\CadastroPratosView$8.class
Views\RealizarPedidoView$4.class
Views\CadastroPratosView$5.class
Views\SplashScreen$2.class
Views\ReservaMesasView$8.class
Views\RealizarPedidoView.class
Views\RegisterView$3.class
Views\ReservaMesasView$5.class
Views\SplashScreen.class
Views\RealizarPedidoView$7.class
Views\GerenciaUsuariosView$7.class
Views\RegisterView.class
Views\AdministradorView$4.class
Views\ReservaMesasView$2.class
Views\SobreRezza$2.class
Controllers\GerenciamentoUsuarioController.class
Views\CadastroPratosView$3.class
Views\AdministradorView$1.class
Views\ReservaMesasView$6.class
Models\ItemPedido.class
Views\SplashScreen$4.class
Views\LoginView$2.class
Views\AdministradorView$3.class
Views\CadastroPratosView$10.class
Views\RegisterView$5.class
Views\GerenciaUsuariosView$4.class
Views\GerenciaUsuariosView$10.class
Views\RealizarPedidoView$2.class
Views\CadastroPratosView$2.class
Models\Pedido.class
DAO\MesaDAO.class
br\com\cesarrodrigues\sistemarestaurante\SistemaRestaurante.class
Views\CadastroPratosView$7.class
Views\LoginView.class
Views\RegisterView$4.class
Views\RealizarPedidoView$1.class
DAO\ConexaoDAO.class
Views\LoginView$3.class
Views\ReservaMesasView$7.class
Views\SplashScreen$3.class
Views\AdministradorView.class
Views\GerenciaUsuariosView$5.class
Views\ReservaMesasView$1.class
