C:\Users\Csarp\OneDrive\Documentos\NetBeansProjects\SistemaRestaurante\src\main\java\Views\SplashScreen.java
C:\Users\Csarp\OneDrive\Documentos\NetBeansProjects\SistemaRestaurante\src\main\java\DAO\PedidoDAO.java
C:\Users\Csarp\OneDrive\Documentos\NetBeansProjects\SistemaRestaurante\src\main\java\Utils\Conexao.java
C:\Users\Csarp\OneDrive\Documentos\NetBeansProjects\SistemaRestaurante\src\main\java\Views\GerenciaUsuariosView.java
C:\Users\Csarp\OneDrive\Documentos\NetBeansProjects\SistemaRestaurante\src\main\java\DAO\UsuarioDAO.java
C:\Users\Csarp\OneDrive\Documentos\NetBeansProjects\SistemaRestaurante\src\main\java\Controllers\GerenciamentoPratoController.java
C:\Users\Csarp\OneDrive\Documentos\NetBeansProjects\SistemaRestaurante\src\main\java\Models\Usuario.java
C:\Users\Csarp\OneDrive\Documentos\NetBeansProjects\SistemaRestaurante\src\main\java\Models\ItemPedido.java
C:\Users\Csarp\OneDrive\Documentos\NetBeansProjects\SistemaRestaurante\src\main\java\Controllers\GerenciamentoUsuarioController.java
C:\Users\Csarp\OneDrive\Documentos\NetBeansProjects\SistemaRestaurante\src\main\java\Controllers\LoginController.java
C:\Users\Csarp\OneDrive\Documentos\NetBeansProjects\SistemaRestaurante\src\main\java\DAO\MesaDAO.java
C:\Users\Csarp\OneDrive\Documentos\NetBeansProjects\SistemaRestaurante\src\main\java\Models\Mesa.java
C:\Users\Csarp\OneDrive\Documentos\NetBeansProjects\SistemaRestaurante\src\main\java\Controllers\GerenciamentoMesaController.java
C:\Users\Csarp\OneDrive\Documentos\NetBeansProjects\SistemaRestaurante\src\main\java\Controllers\GerenciamentoPedidosController.java
C:\Users\Csarp\OneDrive\Documentos\NetBeansProjects\SistemaRestaurante\src\main\java\Models\Pedido.java
C:\Users\Csarp\OneDrive\Documentos\NetBeansProjects\SistemaRestaurante\src\main\java\Views\SobreRezza.java
C:\Users\Csarp\OneDrive\Documentos\NetBeansProjects\SistemaRestaurante\src\main\java\Controllers\RealizarPedidoController.java
C:\Users\Csarp\OneDrive\Documentos\NetBeansProjects\SistemaRestaurante\src\main\java\Views\CadastroPratosView.java
C:\Users\Csarp\OneDrive\Documentos\NetBeansProjects\SistemaRestaurante\src\main\java\Views\RegisterView.java
C:\Users\Csarp\OneDrive\Documentos\NetBeansProjects\SistemaRestaurante\src\main\java\DAO\ConexaoDAO.java
C:\Users\Csarp\OneDrive\Documentos\NetBeansProjects\SistemaRestaurante\src\main\java\Views\AdministradorView.java
C:\Users\Csarp\OneDrive\Documentos\NetBeansProjects\SistemaRestaurante\src\main\java\DAO\PratoDAO.java
C:\Users\Csarp\OneDrive\Documentos\NetBeansProjects\SistemaRestaurante\src\main\java\Views\ReservaMesasView.java
C:\Users\Csarp\OneDrive\Documentos\NetBeansProjects\SistemaRestaurante\src\main\java\br\com\cesarrodrigues\sistemarestaurante\SistemaRestaurante.java
C:\Users\Csarp\OneDrive\Documentos\NetBeansProjects\SistemaRestaurante\src\main\java\Views\LoginView.java
C:\Users\Csarp\OneDrive\Documentos\NetBeansProjects\SistemaRestaurante\src\main\java\Controllers\CadastroUsuarioController.java
C:\Users\Csarp\OneDrive\Documentos\NetBeansProjects\SistemaRestaurante\src\main\java\Models\Prato.java
C:\Users\Csarp\OneDrive\Documentos\NetBeansProjects\SistemaRestaurante\src\main\java\Views\RealizarPedidoView.java
